  SnakeGame.cpp
C:\Users\User\OneDrive\Backup PC\College\Quarter 4\2D Programming\SnakeGame\Project1\SnakeGame.h(46,57): warning C4244: 'initializing': conversion from 'float' to 'int', possible loss of data
  (compiling source file 'SnakeGame.cpp')
  
C:\Users\User\OneDrive\Backup PC\College\Quarter 4\2D Programming\SnakeGame\Project1\SnakeGame.h(63,11): warning C4244: 'initializing': conversion from 'float' to 'int', possible loss of data
  (compiling source file 'SnakeGame.cpp')
  
C:\Users\User\OneDrive\Backup PC\College\Quarter 4\2D Programming\SnakeGame\Project1\SnakeGame.h(64,11): warning C4244: 'initializing': conversion from 'float' to 'int', possible loss of data
  (compiling source file 'SnakeGame.cpp')
  
C:\Users\User\OneDrive\Backup PC\College\Quarter 4\2D Programming\SnakeGame\Project1\SnakeGame.cpp(67,15): warning C4267: 'initializing': conversion from 'size_t' to 'int', possible loss of data
C:\Users\User\OneDrive\Backup PC\College\Quarter 4\2D Programming\SnakeGame\Project1\SnakeGame.cpp(144,12): warning C4244: 'initializing': conversion from 'float' to 'int', possible loss of data
C:\Users\User\OneDrive\Backup PC\College\Quarter 4\2D Programming\SnakeGame\Project1\SnakeGame.cpp(145,15): warning C4244: 'initializing': conversion from 'float' to 'int', possible loss of data
C:\Users\User\OneDrive\Backup PC\College\Quarter 4\2D Programming\SnakeGame\Project1\SnakeGame.cpp(147,9): warning C4244: 'initializing': conversion from 'float' to 'int', possible loss of data
C:\Users\User\OneDrive\Backup PC\College\Quarter 4\2D Programming\SnakeGame\Project1\SnakeGame.cpp(159,13): warning C4244: 'initializing': conversion from 'float' to 'int', possible loss of data
C:\Users\User\OneDrive\Backup PC\College\Quarter 4\2D Programming\SnakeGame\Project1\SnakeGame.cpp(160,14): warning C4244: 'initializing': conversion from 'float' to 'int', possible loss of data
C:\Users\User\OneDrive\Backup PC\College\Quarter 4\2D Programming\SnakeGame\Project1\SnakeGame.cpp(162,9): warning C4244: 'initializing': conversion from 'float' to 'int', possible loss of data
  main.cpp
C:\Users\User\OneDrive\Backup PC\College\Quarter 4\2D Programming\SnakeGame\Project1\SnakeGame.h(46,57): warning C4244: 'initializing': conversion from 'float' to 'int', possible loss of data
  (compiling source file 'main.cpp')
  
C:\Users\User\OneDrive\Backup PC\College\Quarter 4\2D Programming\SnakeGame\Project1\SnakeGame.h(63,11): warning C4244: 'initializing': conversion from 'float' to 'int', possible loss of data
  (compiling source file 'main.cpp')
  
C:\Users\User\OneDrive\Backup PC\College\Quarter 4\2D Programming\SnakeGame\Project1\SnakeGame.h(64,11): warning C4244: 'initializing': conversion from 'float' to 'int', possible loss of data
  (compiling source file 'main.cpp')
  
  Generating Code...
LINK : warning LNK4098: defaultlib 'MSVCRT' conflicts with use of other libs; use /NODEFAULTLIB:library
  Project1.vcxproj -> C:\Users\User\OneDrive\Backup PC\College\Quarter 4\2D Programming\SnakeGame\x64\Debug\Project1.exe
  'pwsh.exe' is not recognized as an internal or external command,
  operable program or batch file.
